I'm sorry, but errors were detected in your script. Please correct the
errors listed below, and try again.


File "game/script.rpy", line 73: elif clause expects a non-empty block.
    elif c_vent > 2:
                    ^

Ren'Py Version: Ren'Py 8.1.1.23060707
Fri Nov  3 00:06:00 2023
